==============================================================================
LOG: output/logs/02_shrug_water.log
Run started: 2026-09-18 22:09:16
==============================================================================

STEP 2 -- SHRUG PUBLIC-WATER OUTCOMES (1991 / 2001 / 2011)

------------------------------------------------------------------------------
DEVIATION FROM PHASE0_SPEC.md -- PENDING PI APPROVAL
------------------------------------------------------------------------------
PHASE0_SPEC.md 3.3 anchors the missingness rule on pc91_vd_drnk_wat_f.
That flag exists ONLY in 1991. SHRUG v2.2 ships no 2001 or 2011 analogue.

This script CONSTRUCTS a year-specific anchor for 2001 and 2011:
  2001: anchor non-missing <=> all 10 pc01_vd_<source> non-missing;
        drnk_wat_f01 = 1{any source > 0}
  2011: anchor non-missing <=> all 10 pc11_vd_wat_<source> non-missing;
        drnk_wat_f11 = 1{any source == 1}

This construction is NOT in the spec. Every Phase 0 result that uses a
2001 or 2011 anchor is PROVISIONAL until the PI approves it.
  [OK]   vd91: shrid2 is character
  [OK]   vd01: shrid2 is character
  [OK]   vd11: shrid2 is character

------------------------------------------------------------------------------
2a. Villages per shrid
------------------------------------------------------------------------------
  pc91r: 568,369 shrids; villages per shrid mean=1.004 median=1 max=199; multi-village share=0.0016
  pc01r: 589,090 shrids; villages per shrid mean=1.004 median=1 max=158; multi-village share=0.0023
  pc11r: 588,978 shrids; villages per shrid mean=1.015 median=1 max=103; multi-village share=0.0097

------------------------------------------------------------------------------
2b. Is 2001's completeness real, or zero-filling?
------------------------------------------------------------------------------
Treated as an OPEN QUESTION, not a settled fact: if 2001 missing values
were zero-filled, 2001 zeros are fake and the missingness rule is NOT
1991-only.

DOCUMENTATION CHECK (performed 2026-09-18, recorded here):
  Sources consulted:
    https://docs.devdatalab.org/SHRUG-Construction-Details/imputing-and-aggregating-data/
    https://docs.devdatalab.org/SHRUG-Metadata/Population%20Census/Tables/vd01-metadata/
    https://docs.devdatalab.org/shrug-faq/
  FINDING: the documentation is SILENT on zero-filling of 2001 Village
  Directory values. The imputation page describes aggregation and
  imputation only, quoting for binary/max variables: "Assume that the
  missing min/max value is equal to the min/max of nonmissing values in
  A", and for counts: "Assume that the number of hospitals per capita in
  missing villages equals the aggregate number of hospitals/capita in all
  non-missing units." Neither describes zero-filling. The vd01 metadata
  page marks imputation 'canary variables' with a star; NO drinking-water
  variable is marked as a canary variable. No statement either way was
  found, so the question is NOT settled by documentation.

EMPIRICAL DIAGNOSTICS:
    year      n n_sources share_any_na share_all_sources_zero
   <int>  <int>     <int>        <num>                  <num>
1:  1991 564855         9 3.666091e-01            0.016050137
2:  2001 527920        10 5.493257e-05            0.003373617
3:  2011 588973        10 1.777331e-02            0.007996971

INTERPRETATION: the 2001 all-sources-zero share is well BELOW 1991's.
Wholesale zero-filling would push it ABOVE, not below. Combined with the
near-total absence of NAs in 2001, the pattern is consistent with a
complete 2001 source file rather than zero-filled missings.
VERDICT: no evidence of zero-filling in 2001. This is an inference from
the data, NOT a documented guarantee -- 2001 outcomes should carry that
caveat, and the PI may want to confirm with Development Data Lab.

------------------------------------------------------------------------------
2c. 1991 fake zeros: all sources zero yet drnk_wat_f == 1
------------------------------------------------------------------------------
   src_allzero91 drnk_wat_f      N
          <lgcl>      <num>  <int>
1:         FALSE         NA      4
2:         FALSE          0     40
3:         FALSE          1 555745
4:          TRUE         NA    434
5:          TRUE          0   1219
6:          TRUE          1   7413

src_allzero_wat91 == TRUE for 7,413 shrids.

WHY THIS MATTERS. PHASE0_SPEC.md 3.3's missingness rule only covers rows
where pc91_vd_drnk_wat_f is MISSING. These rows are not missing: the flag
says 1 (drinking water IS available) while all nine source variables are
coded 0. The spec's rule does NOT protect them. Under the missing=0
version they receive tap = 0 and private_gw = 0, but they are likely FAKE
ZEROS -- water present, source not recorded.

HANDLING: the flag src_allzero_wat91 is carried into the output. These
rows are NOT dropped by default. Section 2e reports how every 1991
outcome changes when they are excluded, so the sensitivity is visible
without baking a choice into the data.

NOTE: the analogous flag is degenerate for 2001/2011, where the anchor is
CONSTRUCTED from the sources -- an all-zero row there has drnk_wat_f == 0
by construction, so 'all zero yet flag == 1' cannot occur. Not built.

------------------------------------------------------------------------------
2d. Outcome construction
------------------------------------------------------------------------------
Shares: tap91_share and tap01_share are built from village COUNTS.
tap11_share is NA by construction -- the 2011 source variable is binary
(max rule), so the intensive margin does not exist in the data.
private_gw *_share is not built in any year: it is an OR of two counts,
and the union of the two village sets is not recoverable from the counts.

------------------------------------------------------------------------------
2e. Outcome means under both missingness treatments
------------------------------------------------------------------------------
     year              outcome   sample      n      mean
    <int>               <char>   <char>  <int>     <num>
 1:  1991         tap91_any_m0 all rows 564417 0.1795357
 2:  1991         tap91_any_lw all rows 407785 0.2484986
 3:  1991  private_gw91_any_m0 all rows 564417 0.7170921
 4:  1991  private_gw91_any_lw all rows 376748 0.7464910
 5:  1991      drnk_wat_f91_m0 all rows 564417 0.9977694
 6:  2001         tap01_any_m0 all rows 527891 0.5348869
 7:  2001         tap01_any_lw all rows 527918 0.5349107
 8:  2001  private_gw01_any_m0 all rows 527891 0.9173163
 9:  2001  private_gw01_any_lw all rows 527918 0.9173205
10:  2001      drnk_wat_f01_m0 all rows 527891 0.9966262
11:  2011         tap11_any_m0 all rows 578505 0.4550540
12:  2011         tap11_any_lw all rows 587842 0.4517251
13:  2011 tap_treated11_any_m0 all rows 578505 0.2871574
14:  2011 tap_treated11_any_lw all rows 588168 0.2848727
15:  2011  private_gw11_any_m0 all rows 578505 0.8716174
16:  2011  private_gw11_any_lw all rows 588211 0.8736168
17:  2011      drnk_wat_f11_m0 all rows 578505 0.9925048

Whether the two versions coincide is reported above as an OBSERVED
result, not asserted in advance.

------------------------------------------------------------------------------
2e(ii). 1991 sensitivity to excluding src_allzero_wat91 rows
------------------------------------------------------------------------------
Default = these rows KEPT. 'excl_fake_zero' = the 7,413 suspect rows dropped.
     year             outcome             sample      n      mean
    <int>              <char>             <char>  <int>     <num>
 1:  1991        tap91_any_m0 all rows (default) 564417 0.1795357
 2:  1991        tap91_any_m0     excl_fake_zero 557004 0.1819251
 3:  1991        tap91_any_lw all rows (default) 407785 0.2484986
 4:  1991        tap91_any_lw     excl_fake_zero 401988 0.2520822
 5:  1991 private_gw91_any_m0 all rows (default) 564417 0.7170921
 6:  1991 private_gw91_any_m0     excl_fake_zero 557004 0.7266357
 7:  1991 private_gw91_any_lw all rows (default) 376748 0.7464910
 8:  1991 private_gw91_any_lw     excl_fake_zero 371232 0.7575829
 9:  1991     drnk_wat_f91_m0 all rows (default) 564417 0.9977694
10:  1991     drnk_wat_f91_m0     excl_fake_zero 557004 0.9977397
11:  1991         tap91_share all rows (default) 407785 0.2484612
12:  1991         tap91_share     excl_fake_zero 401988 0.2520442

Change in mean from excluding the suspect rows:
               outcome  mean_all mean_excl          diff
                <char>     <num>     <num>         <num>
1:     drnk_wat_f91_m0 0.9977694 0.9977397 -2.968666e-05
2: private_gw91_any_lw 0.7464910 0.7575829  1.109184e-02
3: private_gw91_any_m0 0.7170921 0.7266357  9.543565e-03
4:        tap91_any_lw 0.2484986 0.2520822  3.583556e-03
5:        tap91_any_m0 0.1795357 0.1819251  2.389387e-03
6:         tap91_share 0.2484612 0.2520442  3.583016e-03

------------------------------------------------------------------------------
2f. Assemble the shrid-level output
------------------------------------------------------------------------------
  [OK]   output: shrid2 is character
  [OK]   output: key (shrid2) unique
  [OK]   output: no tap91_share above 1
  [OK]   output: no tap01_share above 1
Rows in assembled output: 601,461
  present in vd91: 564,855 | vd01: 527,920 | vd11: 588,973
  shrids with n_villages91 missing (in VD, absent from rural key): 0

------------------------------------------------------------------------------
STEP 2 COMPLETE
------------------------------------------------------------------------------
Wrote build/shrug_water_shrid.{rds,csv} and build/shrug_water_sensitivity.csv
REMINDER: the 2001/2011 anchor is a DEVIATION pending PI approval (top of log).

Run finished: 2026-09-18 22:09:46
