==============================================================================
LOG: output/logs/06_interp_loo_up.log
Run started: 2026-09-18 22:11:17
==============================================================================

STEP 6 -- INTERPOLATION METHOD COMPARISON (LEAVE-ONE-OUT, UTTAR PRADESH)

No RD. No water outcome. Depth is predicted ONLY at held-out WELL
locations -- never at a shrid. Predicting at villages awaits the PI.

------------------------------------------------------------------------------
6a. Uttar Pradesh border and 50 km predictor buffer
------------------------------------------------------------------------------
  [OK]   UP border: 71 pc11 districts with state id 09
  UP area: 231,595 km2; with 50 km buffer: 393,929 km2

  wells labelled STATE == 'UP':        1,711
  wells inside the UP polygon:         1,710
  labelled UP but outside the polygon: 3
  inside the polygon but not labelled UP: 2
  (label and geometry disagree for a handful of border wells; the TARGET
   set follows the CGWB label, as specified.)

  non-UP wells inside the 50 km buffer (edge-effect predictors): 1,334

------------------------------------------------------------------------------
6b. Vintages
------------------------------------------------------------------------------
  vintage (i)  May 1996 readings:                 11,091
  vintage (ii) earliest May reading, <= 2000:     13,883
               year composition of vintage (ii):
   vintage_year     N
          <int> <int>
1:         1996 11091
2:         1997   863
3:         1998   411
4:         1999   571
5:         2000   947

------------------------------------------------------------------------------
6c. Implausible-depth exclusions
------------------------------------------------------------------------------
Rule: keep 0 <= depth_mbgl <= 100 m. Applied to the whole predictor set (UP + buffer).

  may1996: 1,711 wells in the predictor region; 0 excluded.

  may2000: 1,917 wells in the predictor region; 0 excluded.

  All exclusions written to output/tables/06_excluded_wells.csv

------------------------------------------------------------------------------
6d. Variogram fitting
------------------------------------------------------------------------------
  [OK]   may1996: at least one variogram model converged

  may1996: variogram fit
    Sph  nugget =    5.644  psill =   15.088  range =     61.9 km  SSErr = 0.0002266
    Exp  nugget =    4.506  psill =   17.483  range =     29.7 km  SSErr = 0.0001045   <- chosen (lowest SSErr)
  [OK]   may2000: at least one variogram model converged

  may2000: variogram fit
    Sph  nugget =   10.708  psill =   11.858  range =    114.5 km  SSErr = 0.0001163
    Exp  nugget =   10.158  psill =   14.167  range =     61.1 km  SSErr = 5.932e-05   <- chosen (lowest SSErr)
  [OK]   may1996: at least one variogram model converged

  may1996 (log scale): variogram fit
    Sph  nugget =    0.115  psill =    0.153  range =     51.3 km  SSErr = 1.679e-08
    Exp  nugget =    0.099  psill =    0.177  range =     22.4 km  SSErr = 7.829e-09   <- chosen (lowest SSErr)
  [OK]   may2000: at least one variogram model converged

  may2000 (log scale): variogram fit
    Sph  nugget =    0.120  psill =    0.148  range =     47.6 km  SSErr = 2.055e-08
    Exp  nugget =    0.107  psill =    0.169  range =     20.9 km  SSErr = 1.005e-08   <- chosen (lowest SSErr)

  Figures: output/figures/06_variogram_*.pdf (empirical points + fitted curve)

------------------------------------------------------------------------------
6e. Leave-one-out prediction on UP wells
------------------------------------------------------------------------------

  may1996: 1,711 predictor wells, 1,223 UP target wells held out one at a time.
      250/1223
      500/1223
      750/1223
      1000/1223
      1223/1223 done

  may2000: 1,917 predictor wells, 1,309 UP target wells held out one at a time.
      250/1309
      500/1309
      750/1309
      1000/1309
      1250/1309
      1309/1309 done

  LOO runtime: 3.9 minutes

------------------------------------------------------------------------------
6f. Accuracy metrics by method and vintage
------------------------------------------------------------------------------
    vintage                          label     n  rmse   mae   bias wrong_side
     <char>                         <char> <int> <num> <num>  <num>      <num>
 1: may1996              nearest neighbour  1223 4.379 3.016  0.051     0.2764
 2: may1996                    IDW power 1  1223 3.603 2.525 -0.019     0.2608
 3: may1996                    IDW power 2  1223 3.593 2.491  0.001     0.2453
 4: may1996                    IDW power 3  1223 3.664 2.521  0.026     0.2567
 5: may1996               ordinary kriging  1223 3.537 2.469 -0.003     0.2510
 6: may1996 ordinary kriging on log(depth)  1223 3.590 2.501 -0.001     0.2592
 7: may2000              nearest neighbour  1309 4.512 3.061  0.071     0.2765
 8: may2000                    IDW power 1  1309 3.551 2.500 -0.006     0.2605
 9: may2000                    IDW power 2  1309 3.591 2.482  0.034     0.2475
10: may2000                    IDW power 3  1309 3.715 2.529  0.068     0.2628
11: may2000               ordinary kriging  1309 3.570 2.521  0.007     0.2590
12: may2000 ordinary kriging on log(depth)  1309 3.569 2.492  0.041     0.2613
    wrong_near8 n_near8
          <num>   <int>
 1:      0.3913     391
 2:      0.4169     391
 3:      0.3785     391
 4:      0.3913     391
 5:      0.3913     391
 6:      0.4169     391
 7:      0.3842     419
 8:      0.4129     419
 9:      0.3819     419
10:      0.3914     419
11:      0.3962     419
12:      0.4200     419

  'wrong_side' is the share of wells put on the wrong side of the 8 m cutoff;
  'wrong_near8' restricts to wells whose TRUE depth is within +/-2 m of it.
  The second is what an RD at 8 m actually depends on.

------------------------------------------------------------------------------
6f(ii). Error by distance to the nearest remaining well
------------------------------------------------------------------------------
Clé : <vintage, method>
   vintage method <5 km 5-10 km 10-20 km >20 km
    <char> <char> <num>   <num>    <num>  <num>
1: may1996   idw2  2.83    3.62     3.99   5.33
2: may1996     nn  3.19    4.39     5.09   4.51
3: may1996     ok  2.74    3.58     3.93   5.61
4: may1996 ok_log  2.77    3.65     3.95   6.12
5: may2000   idw2  3.39    3.58     3.77   1.75
6: may2000     nn  4.04    4.40     5.06   3.61
7: may2000     ok  3.22    3.62     3.74   1.73
8: may2000 ok_log  3.24    3.61     3.74   2.00

  n wells per band:
Clé : <vintage>
   vintage <5 km 5-10 km 10-20 km >20 km
    <char> <int>   <int>    <int>  <int>
1: may1996   250     640      327      6
2: may2000   275     690      341      3

------------------------------------------------------------------------------
6f(iii). No-information benchmark near the cutoff
------------------------------------------------------------------------------
A misclassification rate is only readable against what you would get with
NO spatial information at all. The benchmark: ignore location and assign
every near-cutoff well to whichever side is more common. Its error rate is
the share on the minority side. Any method that cannot beat this is adding
nothing where the RD needs it.
   vintage n_near8 share_deep_near8 naive_error best_method best_error
    <char>   <int>            <num>       <num>      <char>      <num>
1: may1996     391            0.368      0.3683 IDW power 2     0.3785
2: may2000     419            0.368      0.3675 IDW power 2     0.3819
   improvement_pp
            <num>
1:        -0.0102
2:        -0.0143

  may1996: no-information error 36.8%; best method 37.9% -- an improvement
    of -1.0 pp.
  may2000: no-information error 36.8%; best method 38.2% -- an improvement
    of -1.4 pp.

  READING: near the cutoff, interpolation buys very little over guessing.
  The spatial signal that survives at 8 m is weak, and this is the single
  most important number in this script for the E1 decision.

------------------------------------------------------------------------------
6f(iv). Calibration of the kriging standard error
------------------------------------------------------------------------------
   vintage method     n coverage95 mean_se
    <char> <char> <int>      <num>   <num>
1: may1996     ok  1223     0.9338   3.216
2: may2000     ok  1309     0.9542   3.674
3: may1996 ok_log  1223     0.9477      NA
4: may2000 ok_log  1309     0.9511      NA

  Nominal coverage is 0.95. Coverage well BELOW that means the kriging
  standard error understates the true uncertainty; well above means it
  overstates it. Either way the SE should not be used as-is downstream
  without the correction this number implies.

------------------------------------------------------------------------------
6g. Are LOO distances representative of village distances?
------------------------------------------------------------------------------
  UP shrids: 98,604
   vintage                                       source     n   10%   25%   50%
    <char>                                       <char> <num> <num> <num> <num>
1: may1996 LOO: held-out well to nearest remaining well  1223  3.64  5.55  7.96
2: may1996            UP shrid centroid to nearest well 98604  2.35  3.83  5.88
3: may2000 LOO: held-out well to nearest remaining well  1309  3.51  5.41  7.94
4: may2000            UP shrid centroid to nearest well 98604  2.30  3.72  5.67
     75%   90%
   <num> <num>
1: 10.18 12.42
2:  8.63 12.55
3: 10.10 12.12
4:  8.19 11.57

  may1996: median LOO distance 7.96 km vs median shrid distance 5.88 km.
    LOO distances are LARGER, so each held-out well is predicted from
    further away than a typical village would be. LOO errors are
    therefore CONSERVATIVE for villages -- village error is likely
    somewhat smaller than the numbers above.

  may2000: median LOO distance 7.94 km vs median shrid distance 5.67 km.
    LOO distances are LARGER, so each held-out well is predicted from
    further away than a typical village would be. LOO errors are
    therefore CONSERVATIVE for villages -- village error is likely
    somewhat smaller than the numbers above.

  CAVEAT: the shrid distances come from step 4 and are measured to the
  nearest well in the NATIONAL well set, while LOO distances are to the
  nearest well in the UP-plus-buffer predictor set. The two are close in
  spirit but not identical constructions.

------------------------------------------------------------------------------
6h. BOTTOM LINE
------------------------------------------------------------------------------
WHICH METHOD?
  may1996: lowest RMSE is ordinary kriging (3.537 m); lowest near-cutoff
           misclassification is IDW power 2 (37.9%).
  may2000: lowest RMSE is IDW power 1 (3.551 m); lowest near-cutoff
           misclassification is IDW power 2 (38.2%).

  Kriging beats the nearest-neighbour baseline by 19.2% on RMSE,
  but beats IDW power 2 by only 1.5%. The real gap is between NN and
  everything else; the choice among IDW and kriging is close to a tie.

  RECOMMENDATION: IDW power 2 as the working method -- it is the simplest,
  it is within a few percent of kriging on RMSE, and it has the LOWEST
  near-cutoff misclassification in both vintages, which is the metric the
  design turns on. Keep ordinary kriging alongside it for one reason: it
  is the only method here that emits a per-prediction standard error, and
  that SE is well calibrated (95% coverage of 0.934 and 0.954 -- section
  6f(iv)). A fuzzy RD or a measurement-error correction needs exactly
  that SE, so kriging earns its place as the uncertainty-bearing variant
  rather than as the accuracy winner.

HOW BIG IS THE MISCLASSIFICATION RISK AT 8 m?
  may1996, ordinary kriging: 25.1% of ALL UP wells land on the wrong
    side of 8 m; among the 391 wells whose true depth is within
    +/-2 m of 8 m, 39.1% are misclassified.
  may2000, ordinary kriging: 25.9% of ALL UP wells land on the wrong
    side of 8 m; among the 419 wells whose true depth is within
    +/-2 m of 8 m, 39.6% are misclassified.

  Against the no-information benchmark (36.8% / 36.8%), interpolation
  improves near-cutoff classification by only -1.0 pp and -1.4 pp.

  This is the number that matters, and it is a WARNING, not a detail.
  Wells near the cutoff are exactly the ones an RD relies on, and at 8 m
  interpolated depth is close to uninformative about which side a unit
  falls on. That is severe measurement error in the RUNNING VARIABLE: it
  attenuates the estimate and blurs the discontinuity, and no choice among
  the methods tested repairs it -- they are all within a few points of
  each other and of guessing.

  IMPLICATION FOR E1, stated plainly: an interpolated running variable
  built from this well network will not support a sharp RD at 8 m in UP.
  The realistic options are the spec's own fallbacks (PHASE0_SPEC.md 4.3,
  7): a FUZZY RD that instruments assigned treatment with interpolated
  depth, or a NEAR-WELL SUBSAMPLE where error is smallest -- and section
  6f(ii) shows that even under 5 km the RMSE is still about 2.7-3.2 m,
  against a 8 m cutoff. This is a quantitative reason to treat E1 as high
  risk, and to prefer Sekhri's own validated depth measure if the PI can
  obtain it.

DOES THE 2000 VINTAGE CHANGE THE PICTURE?
  Ordinary kriging RMSE moves by +0.033 m and near-cutoff
  misclassification by +0.5 pp when moving from the 1996 vintage
  to the earliest-May-<=-2000 vintage (1,309 vs 1,223 UP wells).
  READING: the two vintages give materially the SAME answer. The extra
  wells buy denser coverage without measurably degrading accuracy, so
  the vintage choice can be made on coverage grounds.

  Distance comparability: LOO is conservative for may1996 and conservative for may2000
  relative to UP villages (section 6g) -- read the error numbers with that
  adjustment in mind.

------------------------------------------------------------------------------
SCOPE REMINDER
------------------------------------------------------------------------------
Depth was predicted only at held-out WELL locations. Nothing here predicts
depth at a shrid, and no water outcome was read. Extending this to village
centroids is the PI's call.

------------------------------------------------------------------------------
STEP 6 COMPLETE
------------------------------------------------------------------------------
Tables written to output/tables/:
  06_distance_comparability.csv
  06_excluded_wells.csv
  06_kriging_calibration.csv
  06_loo_error_by_distance.csv
  06_loo_metrics.csv
  06_loo_predictions_may1996.csv
  06_loo_predictions_may2000.csv
  06_no_information_benchmark.csv
  06_variogram_fits.csv
Figures written to output/figures/:
  06_variogram_may1996.pdf
  06_variogram_may1996_log.pdf
  06_variogram_may2000.pdf
  06_variogram_may2000_log.pdf

Run finished: 2026-09-18 22:15:15
