==============================================================================
run_all.R
Started: 2026-09-18 16:14:06
==============================================================================

>>> code/01_ingest_validate.R
    OK in 43.7s
>>> code/02_shrug_water.R
    OK in 36.0s
>>> code/03_cgwb_long.R
    OK in 1.2s
>>> code/04_shrid_centroids_dist.R
    OK in 73.9s

------------------------------------------------------------------------------
SUMMARY
------------------------------------------------------------------------------
                           step status   seconds
      code/01_ingest_validate.R     OK 43.708675
          code/02_shrug_water.R     OK 36.029749
            code/03_cgwb_long.R     OK  1.179605
 code/04_shrid_centroids_dist.R     OK 73.855482

------------------------------------------------------------------------------
sessionInfo()
------------------------------------------------------------------------------
R version 4.5.2 (2025-10-31 ucrt)
Platform: x86_64-w64-mingw32/x64
Running under: Windows 11 x64 (build 26200)

Matrix products: default
  LAPACK version 3.12.1

locale:
[1] LC_COLLATE=French_France.utf8  LC_CTYPE=French_France.utf8   
[3] LC_MONETARY=French_France.utf8 LC_NUMERIC=C                  
[5] LC_TIME=French_France.utf8    

time zone: Europe/Paris
tzcode source: internal

attached base packages:
[1] stats     graphics  grDevices datasets  utils     methods   base     

other attached packages:
[1] FNN_1.1.4.1         sf_1.1-3            data.table_1.18.6.1
[4] haven_2.5.5        

loaded via a namespace (and not attached):
 [1] R6_2.6.1           tzdb_0.5.0         e1071_1.7-17       magrittr_2.0.5    
 [5] glue_1.8.1         KernSmooth_2.23-26 tibble_3.3.1       pkgconfig_2.0.3   
 [9] classInt_0.4-11    lifecycle_1.0.5    readr_2.2.0        cli_3.6.6         
[13] grid_4.5.2         DBI_1.3.0          vctrs_0.7.3        proxy_0.4-29      
[17] renv_1.2.4         class_7.3-23       compiler_4.5.2     forcats_1.0.1     
[21] tools_4.5.2        hms_1.1.4          pillar_1.11.1      Rcpp_1.1.2        
[25] rlang_1.3.0        units_1.0-1       

Finished: 2026-09-18 16:16:41
Total: 2.6 minutes
